// Jest Snapshot v1, https://goo.gl/fbAQLP

exports[`Nav should match the snapshot 1`] = `
ShallowWrapper {
  Symbol(enzyme.__root__): [Circular],
  Symbol(enzyme.__unrendered__): <Nav />,
  Symbol(enzyme.__renderer__): Object {
    "batchedUpdates": [Function],
    "getNode": [Function],
    "render": [Function],
    "simulateEvent": [Function],
    "unmount": [Function],
  },
  Symbol(enzyme.__node__): Object {
    "instance": null,
    "key": undefined,
    "nodeType": "host",
    "props": Object {
      "children": Array [
        <div
          className="left-wrapper"
>
          <img
                    className="logo-icon"
                    src="grad.svg"
          />
          <h3
                    className="logo"
          >
                    HeadCount 2.0
          </h3>
</div>,
        <h4
          className="instruct-text"
>
          Select From the List Below or Search For a Specific District
</h4>,
        <Search
          updateFilter={undefined}
/>,
      ],
      "className": "nav",
    },
    "ref": null,
    "rendered": Array [
      Object {
        "instance": null,
        "key": undefined,
        "nodeType": "host",
        "props": Object {
          "children": Array [
            <img
              className="logo-icon"
              src="grad.svg"
/>,
            <h3
              className="logo"
>
              HeadCount 2.0
</h3>,
          ],
          "className": "left-wrapper",
        },
        "ref": null,
        "rendered": Array [
          Object {
            "instance": null,
            "key": undefined,
            "nodeType": "host",
            "props": Object {
              "className": "logo-icon",
              "src": "grad.svg",
            },
            "ref": null,
            "rendered": null,
            "type": "img",
          },
          Object {
            "instance": null,
            "key": undefined,
            "nodeType": "host",
            "props": Object {
              "children": "HeadCount 2.0",
              "className": "logo",
            },
            "ref": null,
            "rendered": "HeadCount 2.0",
            "type": "h3",
          },
        ],
        "type": "div",
      },
      Object {
        "instance": null,
        "key": undefined,
        "nodeType": "host",
        "props": Object {
          "children": "Select From the List Below or Search For a Specific District",
          "className": "instruct-text",
        },
        "ref": null,
        "rendered": "Select From the List Below or Search For a Specific District",
        "type": "h4",
      },
      Object {
        "instance": null,
        "key": undefined,
        "nodeType": "function",
        "props": Object {
          "updateFilter": undefined,
        },
        "ref": null,
        "rendered": null,
        "type": [Function],
      },
    ],
    "type": "div",
  },
  Symbol(enzyme.__nodes__): Array [
    Object {
      "instance": null,
      "key": undefined,
      "nodeType": "host",
      "props": Object {
        "children": Array [
          <div
            className="left-wrapper"
>
            <img
                        className="logo-icon"
                        src="grad.svg"
            />
            <h3
                        className="logo"
            >
                        HeadCount 2.0
            </h3>
</div>,
          <h4
            className="instruct-text"
>
            Select From the List Below or Search For a Specific District
</h4>,
          <Search
            updateFilter={undefined}
/>,
        ],
        "className": "nav",
      },
      "ref": null,
      "rendered": Array [
        Object {
          "instance": null,
          "key": undefined,
          "nodeType": "host",
          "props": Object {
            "children": Array [
              <img
                className="logo-icon"
                src="grad.svg"
/>,
              <h3
                className="logo"
>
                HeadCount 2.0
</h3>,
            ],
            "className": "left-wrapper",
          },
          "ref": null,
          "rendered": Array [
            Object {
              "instance": null,
              "key": undefined,
              "nodeType": "host",
              "props": Object {
                "className": "logo-icon",
                "src": "grad.svg",
              },
              "ref": null,
              "rendered": null,
              "type": "img",
            },
            Object {
              "instance": null,
              "key": undefined,
              "nodeType": "host",
              "props": Object {
                "children": "HeadCount 2.0",
                "className": "logo",
              },
              "ref": null,
              "rendered": "HeadCount 2.0",
              "type": "h3",
            },
          ],
          "type": "div",
        },
        Object {
          "instance": null,
          "key": undefined,
          "nodeType": "host",
          "props": Object {
            "children": "Select From the List Below or Search For a Specific District",
            "className": "instruct-text",
          },
          "ref": null,
          "rendered": "Select From the List Below or Search For a Specific District",
          "type": "h4",
        },
        Object {
          "instance": null,
          "key": undefined,
          "nodeType": "function",
          "props": Object {
            "updateFilter": undefined,
          },
          "ref": null,
          "rendered": null,
          "type": [Function],
        },
      ],
      "type": "div",
    },
  ],
  Symbol(enzyme.__options__): Object {
    "adapter": ReactFifteenAdapter {
      "options": Object {
        "lifecycles": Object {
          "componentDidUpdate": Object {
            "prevContext": true,
          },
        },
        "supportPrevContextArgumentOfComponentDidUpdate": true,
      },
    },
    "attachTo": undefined,
    "hydrateIn": undefined,
  },
}
`;
